------------------------------------------------------------
Timing Analyzer Summary
------------------------------------------------------------

Type  : Slow 1200mV 85C Model Setup 'one_second_pulse:one_second_pulse|clk_1Hz'
Slack : -3.354
TNS   : -86.248

Type  : Slow 1200mV 85C Model Setup 'clk_50MHz'
Slack : -2.623
TNS   : -47.519

Type  : Slow 1200mV 85C Model Setup 'state_button'
Slack : -0.191
TNS   : -0.197

Type  : Slow 1200mV 85C Model Hold 'one_second_pulse:one_second_pulse|clk_1Hz'
Slack : 0.386
TNS   : 0.000

Type  : Slow 1200mV 85C Model Hold 'state_button'
Slack : 0.440
TNS   : 0.000

Type  : Slow 1200mV 85C Model Hold 'clk_50MHz'
Slack : 0.640
TNS   : 0.000

Type  : Slow 1200mV 85C Model Minimum Pulse Width 'clk_50MHz'
Slack : -3.000
TNS   : -37.695

Type  : Slow 1200mV 85C Model Minimum Pulse Width 'state_button'
Slack : -3.000
TNS   : -6.855

Type  : Slow 1200mV 85C Model Minimum Pulse Width 'one_second_pulse:one_second_pulse|clk_1Hz'
Slack : -1.285
TNS   : -43.690

Type  : Slow 1200mV 0C Model Setup 'one_second_pulse:one_second_pulse|clk_1Hz'
Slack : -2.922
TNS   : -76.133

Type  : Slow 1200mV 0C Model Setup 'clk_50MHz'
Slack : -2.262
TNS   : -39.760

Type  : Slow 1200mV 0C Model Setup 'state_button'
Slack : -0.069
TNS   : -0.069

Type  : Slow 1200mV 0C Model Hold 'one_second_pulse:one_second_pulse|clk_1Hz'
Slack : 0.340
TNS   : 0.000

Type  : Slow 1200mV 0C Model Hold 'state_button'
Slack : 0.387
TNS   : 0.000

Type  : Slow 1200mV 0C Model Hold 'clk_50MHz'
Slack : 0.585
TNS   : 0.000

Type  : Slow 1200mV 0C Model Minimum Pulse Width 'clk_50MHz'
Slack : -3.000
TNS   : -37.695

Type  : Slow 1200mV 0C Model Minimum Pulse Width 'state_button'
Slack : -3.000
TNS   : -6.855

Type  : Slow 1200mV 0C Model Minimum Pulse Width 'one_second_pulse:one_second_pulse|clk_1Hz'
Slack : -1.285
TNS   : -43.690

Type  : Fast 1200mV 0C Model Setup 'one_second_pulse:one_second_pulse|clk_1Hz'
Slack : -1.334
TNS   : -39.706

Type  : Fast 1200mV 0C Model Setup 'clk_50MHz'
Slack : -0.797
TNS   : -10.628

Type  : Fast 1200mV 0C Model Setup 'state_button'
Slack : 0.423
TNS   : 0.000

Type  : Fast 1200mV 0C Model Hold 'one_second_pulse:one_second_pulse|clk_1Hz'
Slack : 0.175
TNS   : 0.000

Type  : Fast 1200mV 0C Model Hold 'state_button'
Slack : 0.199
TNS   : 0.000

Type  : Fast 1200mV 0C Model Hold 'clk_50MHz'
Slack : 0.291
TNS   : 0.000

Type  : Fast 1200mV 0C Model Minimum Pulse Width 'clk_50MHz'
Slack : -3.000
TNS   : -31.756

Type  : Fast 1200mV 0C Model Minimum Pulse Width 'state_button'
Slack : -3.000
TNS   : -6.717

Type  : Fast 1200mV 0C Model Minimum Pulse Width 'one_second_pulse:one_second_pulse|clk_1Hz'
Slack : -1.000
TNS   : -34.000

------------------------------------------------------------
