------------------------------------------------------------
Timing Analyzer Summary
------------------------------------------------------------

Type  : Slow 1100mV 85C Model Setup 'clk'
Slack : -76.757
TNS   : -20607.275

Type  : Slow 1100mV 85C Model Hold 'clk'
Slack : 1.181
TNS   : 0.000

Type  : Slow 1100mV 85C Model Minimum Pulse Width 'clk'
Slack : -0.724
TNS   : -487.238

Type  : Slow 1100mV 0C Model Setup 'clk'
Slack : -79.549
TNS   : -21312.603

Type  : Slow 1100mV 0C Model Hold 'clk'
Slack : 1.086
TNS   : 0.000

Type  : Slow 1100mV 0C Model Minimum Pulse Width 'clk'
Slack : -0.724
TNS   : -489.540

Type  : Fast 1100mV 85C Model Setup 'clk'
Slack : -31.192
TNS   : -8464.042

Type  : Fast 1100mV 85C Model Hold 'clk'
Slack : 0.508
TNS   : 0.000

Type  : Fast 1100mV 85C Model Minimum Pulse Width 'clk'
Slack : -0.089
TNS   : -36.193

Type  : Fast 1100mV 0C Model Setup 'clk'
Slack : -29.072
TNS   : -7849.276

Type  : Fast 1100mV 0C Model Hold 'clk'
Slack : 0.474
TNS   : 0.000

Type  : Fast 1100mV 0C Model Minimum Pulse Width 'clk'
Slack : -0.090
TNS   : -37.088

------------------------------------------------------------
